// Jest Snapshot v1, https://goo.gl/fbAQLP

exports[`Loading spinner When all props are present 1`] = `ShallowWrapper {}`;
